// Jest Snapshot v1, https://goo.gl/fbAQLP

exports[`Start komponent har riktig innhold og struktur 1`] = `
<div>
  <div
    className="panel panel-info blokk-l"
  >
    <h1
      className="typo-sidetittel overskrift-panel-info info-bla"
    >
      <span>
        Hei
      </span>
    </h1>
    <p
      className="typo-normal blokk-xs"
    >
      <span>
        Vi ønsker å gi deg opp oppfølging som er tilpasset dine behov. Vi har derfor noen spørsmål til deg om jobb og utdanning.
      </span>
    </p>
  </div>
  <div
    className="panel-info__knapperad"
  >
    <button
      className="knapp knapp knapp--standard"
      disabled={false}
      type="submit"
    >
      <span>
        Avbryt
      </span>
    </button>
    <button
      className="knapp knapp knapp--hoved mml knapp--hoved"
      disabled={false}
      onClick={[Function]}
      type="submit"
    >
      <span>
        Neste
      </span>
    </button>
  </div>
</div>
`;
